Component: ARM Compiler 5.06 update 5 (build 528) Tool: armlink [4d35e2]

==============================================================================

Section Cross References

    main.o(main) refers to keypad.o(i.LCD_Initialization) for LCD_Initialization
    main.o(main) refers to keypad.o(i.MotorKey) for MotorKey
    startup_stm32l476xx.o(STACK) refers (Special) to heapauxi.o(.text) for __use_two_region_memory
    startup_stm32l476xx.o(HEAP) refers (Special) to heapauxi.o(.text) for __use_two_region_memory
    startup_stm32l476xx.o(RESET) refers (Special) to heapauxi.o(.text) for __use_two_region_memory
    startup_stm32l476xx.o(RESET) refers to startup_stm32l476xx.o(STACK) for __initial_sp
    startup_stm32l476xx.o(RESET) refers to startup_stm32l476xx.o(.text) for Reset_Handler
    startup_stm32l476xx.o(.text) refers (Special) to heapauxi.o(.text) for __use_two_region_memory
    startup_stm32l476xx.o(.text) refers to main.o(main) for __main
    startup_stm32l476xx.o(.text) refers to startup_stm32l476xx.o(HEAP) for Heap_Mem
    startup_stm32l476xx.o(.text) refers to startup_stm32l476xx.o(STACK) for Stack_Mem
    keypad.o(i.KeyPrnt) refers to keypad.o(i.power) for power
    keypad.o(i.KeyPrnt) refers to keypad.o(i.Delay) for Delay
    keypad.o(i.KeyPrnt) refers to keypad.o(i.LCD_WriteChar) for LCD_WriteChar
    keypad.o(i.KeyPrnt) refers to dflt_clz.o(x$fpl$dfltu) for __aeabi_ui2d
    keypad.o(i.KeyPrnt) refers to dmul.o(x$fpl$dmul) for __aeabi_dmul
    keypad.o(i.KeyPrnt) refers to daddsub_clz.o(x$fpl$dadd) for __aeabi_dadd
    keypad.o(i.KeyPrnt) refers to daddsub_clz.o(x$fpl$dsub) for __aeabi_dsub
    keypad.o(i.KeyPrnt) refers to keypad.o(.data) for poscnt
    keypad.o(i.LCD_Conv_Char_Seg) refers to keypad.o(.constdata) for NumberMap
    keypad.o(i.LCD_DisplayString) refers to keypad.o(i.LCD_WriteChar) for LCD_WriteChar
    keypad.o(i.LCD_Initialization) refers to keypad.o(i.LCD_PIN_Init) for LCD_PIN_Init
    keypad.o(i.LCD_Initialization) refers to keypad.o(i.LCD_Clock_Init) for LCD_Clock_Init
    keypad.o(i.LCD_Initialization) refers to keypad.o(i.LCD_Configure) for LCD_Configure
    keypad.o(i.LCD_Initialization) refers to keypad.o(i.LCD_Clear) for LCD_Clear
    keypad.o(i.LCD_WriteChar) refers to keypad.o(i.LCD_Conv_Char_Seg) for LCD_Conv_Char_Seg
    keypad.o(i.LCD_bar) refers to keypad.o(.data) for t_bar
    keypad.o(i.MotorKey) refers to keypad.o(i.LCD_Clear) for LCD_Clear
    keypad.o(i.MotorKey) refers to keypad.o(i.KeyPrnt) for KeyPrnt
    keypad.o(i.MotorKey) refers to ddiv.o(x$fpl$ddiv) for __aeabi_ddiv
    keypad.o(i.MotorKey) refers to dmul.o(x$fpl$dmul) for __aeabi_dmul
    keypad.o(i.MotorKey) refers to dfix.o(x$fpl$dfix) for __aeabi_d2iz
    daddsub_clz.o(x$fpl$dadd) refers (Special) to usenofp.o(x$fpl$usenofp) for __I$use$fp
    daddsub_clz.o(x$fpl$dadd) refers to daddsub_clz.o(x$fpl$dsub) for _dsub1
    daddsub_clz.o(x$fpl$dadd) refers to dretinf.o(x$fpl$dretinf) for __fpl_dretinf
    daddsub_clz.o(x$fpl$dadd) refers to dnaninf.o(x$fpl$dnaninf) for __fpl_dnaninf
    daddsub_clz.o(x$fpl$drsb) refers (Special) to usenofp.o(x$fpl$usenofp) for __I$use$fp
    daddsub_clz.o(x$fpl$drsb) refers to daddsub_clz.o(x$fpl$dadd) for _dadd1
    daddsub_clz.o(x$fpl$drsb) refers to daddsub_clz.o(x$fpl$dsub) for _dsub1
    daddsub_clz.o(x$fpl$dsub) refers (Special) to usenofp.o(x$fpl$usenofp) for __I$use$fp
    daddsub_clz.o(x$fpl$dsub) refers to daddsub_clz.o(x$fpl$dadd) for _dadd1
    daddsub_clz.o(x$fpl$dsub) refers to dnaninf.o(x$fpl$dnaninf) for __fpl_dnaninf
    ddiv.o(x$fpl$drdiv) refers (Special) to usenofp.o(x$fpl$usenofp) for __I$use$fp
    ddiv.o(x$fpl$drdiv) refers to ddiv.o(x$fpl$ddiv) for ddiv_entry
    ddiv.o(x$fpl$ddiv) refers (Special) to usenofp.o(x$fpl$usenofp) for __I$use$fp
    ddiv.o(x$fpl$ddiv) refers to dretinf.o(x$fpl$dretinf) for __fpl_dretinf
    ddiv.o(x$fpl$ddiv) refers to dnaninf.o(x$fpl$dnaninf) for __fpl_dnaninf
    dfix.o(x$fpl$dfix) refers (Special) to usenofp.o(x$fpl$usenofp) for __I$use$fp
    dfix.o(x$fpl$dfix) refers to dnaninf.o(x$fpl$dnaninf) for __fpl_dnaninf
    dfix.o(x$fpl$dfixr) refers (Special) to usenofp.o(x$fpl$usenofp) for __I$use$fp
    dfix.o(x$fpl$dfixr) refers to dnaninf.o(x$fpl$dnaninf) for __fpl_dnaninf
    dflt_clz.o(x$fpl$dfltu) refers (Special) to usenofp.o(x$fpl$usenofp) for __I$use$fp
    dflt_clz.o(x$fpl$dflt) refers (Special) to usenofp.o(x$fpl$usenofp) for __I$use$fp
    dflt_clz.o(x$fpl$dfltn) refers (Special) to usenofp.o(x$fpl$usenofp) for __I$use$fp
    dmul.o(x$fpl$dmul) refers (Special) to usenofp.o(x$fpl$usenofp) for __I$use$fp
    dmul.o(x$fpl$dmul) refers to dretinf.o(x$fpl$dretinf) for __fpl_dretinf
    dmul.o(x$fpl$dmul) refers to dnaninf.o(x$fpl$dnaninf) for __fpl_dnaninf
    dnaninf.o(x$fpl$dnaninf) refers (Special) to usenofp.o(x$fpl$usenofp) for __I$use$fp
    dretinf.o(x$fpl$dretinf) refers (Special) to usenofp.o(x$fpl$usenofp) for __I$use$fp


==============================================================================

Removing Unused input sections from the image.

    Removing main.o(__DEFINES_STM32F4_CORE4_xx_DUMMY), (0 bytes).
    Removing main.o(__DEFINES_STM32L4_xx_DUMMY), (0 bytes).
    Removing main.o(myData), (16 bytes).
    Removing stm32l476xx_constants.o(__DEFINES_STM32L4_xx_DUMMY), (0 bytes).
    Removing core_cm4_constants.o(__DEFINES_STM32F4_CORE4_xx_DUMMY), (0 bytes).
    Removing keypad.o(.rev16_text), (4 bytes).
    Removing keypad.o(.revsh_text), (4 bytes).
    Removing keypad.o(.rrx_text), (6 bytes).
    Removing keypad.o(i.LCD_DisplayString), (28 bytes).
    Removing keypad.o(i.LCD_bar), (192 bytes).

10 unused section(s) (total 250 bytes) removed from the image.

==============================================================================

Image Symbol Table

    Local Symbols

    Symbol Name                              Value     Ov Type        Size  Object(Section)

    ../clib/heapaux.c                        0x00000000   Number         0  heapauxi.o ABSOLUTE
    ../fplib/daddsub.s                       0x00000000   Number         0  daddsub_clz.o ABSOLUTE
    ../fplib/ddiv.s                          0x00000000   Number         0  ddiv.o ABSOLUTE
    ../fplib/dfix.s                          0x00000000   Number         0  dfix.o ABSOLUTE
    ../fplib/dflt.s                          0x00000000   Number         0  dflt_clz.o ABSOLUTE
    ../fplib/dmul.s                          0x00000000   Number         0  dmul.o ABSOLUTE
    ../fplib/dnaninf.s                       0x00000000   Number         0  dnaninf.o ABSOLUTE
    ../fplib/dretinf.s                       0x00000000   Number         0  dretinf.o ABSOLUTE
    ../fplib/usenofp.s                       0x00000000   Number         0  usenofp.o ABSOLUTE
    core_cm4_constants.s                     0x00000000   Number         0  core_cm4_constants.o ABSOLUTE
    dc.s                                     0x00000000   Number         0  dc.o ABSOLUTE
    keypad.c                                 0x00000000   Number         0  keypad.o ABSOLUTE
    keypad.c                                 0x00000000   Number         0  keypad.o ABSOLUTE
    main.s                                   0x00000000   Number         0  main.o ABSOLUTE
    startup_stm32l476xx.s                    0x00000000   Number         0  startup_stm32l476xx.o ABSOLUTE
    stm32l476xx_constants.s                  0x00000000   Number         0  stm32l476xx_constants.o ABSOLUTE
    RESET                                    0x08000000   Section      392  startup_stm32l476xx.o(RESET)
    .text                                    0x08000188   Section      132  startup_stm32l476xx.o(.text)
    $v0                                      0x08000188   Number         0  startup_stm32l476xx.o(.text)
    .text                                    0x0800020c   Section        0  heapauxi.o(.text)
    i.Delay                                  0x08000212   Section        0  keypad.o(i.Delay)
    i.KeyPrnt                                0x08000228   Section        0  keypad.o(i.KeyPrnt)
    i.LCD_Clear                              0x08000488   Section        0  keypad.o(i.LCD_Clear)
    i.LCD_Clock_Init                         0x080004c0   Section        0  keypad.o(i.LCD_Clock_Init)
    i.LCD_Configure                          0x08000588   Section        0  keypad.o(i.LCD_Configure)
    i.LCD_Conv_Char_Seg                      0x08000618   Section        0  keypad.o(i.LCD_Conv_Char_Seg)
    LCD_Conv_Char_Seg                        0x08000619   Thumb Code   284  keypad.o(i.LCD_Conv_Char_Seg)
    i.LCD_Initialization                     0x0800073c   Section        0  keypad.o(i.LCD_Initialization)
    i.LCD_PIN_Init                           0x08000750   Section        0  keypad.o(i.LCD_PIN_Init)
    i.LCD_WriteChar                          0x080008dc   Section        0  keypad.o(i.LCD_WriteChar)
    i.MotorKey                               0x08001080   Section        0  keypad.o(i.MotorKey)
    i.power                                  0x08001100   Section        0  keypad.o(i.power)
    main                                     0x08001114   Section      224  main.o(main)
    $v0                                      0x08001114   Number         0  main.o(main)
    x$fpl$dadd                               0x080011f4   Section      336  daddsub_clz.o(x$fpl$dadd)
    $v0                                      0x080011f4   Number         0  daddsub_clz.o(x$fpl$dadd)
    _dadd1                                   0x08001205   Thumb Code     0  daddsub_clz.o(x$fpl$dadd)
    x$fpl$ddiv                               0x08001344   Section      688  ddiv.o(x$fpl$ddiv)
    $v0                                      0x08001344   Number         0  ddiv.o(x$fpl$ddiv)
    ddiv_entry                               0x0800134b   Thumb Code     0  ddiv.o(x$fpl$ddiv)
    x$fpl$dfix                               0x080015f4   Section       94  dfix.o(x$fpl$dfix)
    $v0                                      0x080015f4   Number         0  dfix.o(x$fpl$dfix)
    x$fpl$dfltu                              0x08001652   Section       38  dflt_clz.o(x$fpl$dfltu)
    $v0                                      0x08001652   Number         0  dflt_clz.o(x$fpl$dfltu)
    x$fpl$dmul                               0x08001678   Section      340  dmul.o(x$fpl$dmul)
    $v0                                      0x08001678   Number         0  dmul.o(x$fpl$dmul)
    x$fpl$dnaninf                            0x080017cc   Section      156  dnaninf.o(x$fpl$dnaninf)
    $v0                                      0x080017cc   Number         0  dnaninf.o(x$fpl$dnaninf)
    x$fpl$dretinf                            0x08001868   Section       12  dretinf.o(x$fpl$dretinf)
    $v0                                      0x08001868   Number         0  dretinf.o(x$fpl$dretinf)
    x$fpl$dsub                               0x08001874   Section      468  daddsub_clz.o(x$fpl$dsub)
    $v0                                      0x08001874   Number         0  daddsub_clz.o(x$fpl$dsub)
    _dsub1                                   0x08001885   Thumb Code     0  daddsub_clz.o(x$fpl$dsub)
    .constdata                               0x08001a48   Section       72  keypad.o(.constdata)
    x$fpl$usenofp                            0x08001a48   Section        0  usenofp.o(x$fpl$usenofp)
    .data                                    0x20000000   Section       52  keypad.o(.data)
    HEAP                                     0x20000038   Section      512  startup_stm32l476xx.o(HEAP)
    Heap_Mem                                 0x20000038   Data         512  startup_stm32l476xx.o(HEAP)
    STACK                                    0x20000238   Section     1024  startup_stm32l476xx.o(STACK)
    Stack_Mem                                0x20000238   Data        1024  startup_stm32l476xx.o(STACK)
    __initial_sp                             0x20000638   Data           0  startup_stm32l476xx.o(STACK)

    Global Symbols

    Symbol Name                              Value     Ov Type        Size  Object(Section)

    BuildAttributes$$THM_ISAv4$E$P$D$K$B$S$7EM$VFPi3$EXTD16$VFPS$VFMA$PE$A:L22UL41UL21$X:L11$S22US41US21$IEEE1$IW$USESV6$~STKCKD$USESV7$~SHL$OSPACE$ROPI$EBA8$STANDARDLIB$REQ8$PRES8$EABIv2 0x00000000   Number         0  anon$$obj.o ABSOLUTE
    Image$$ER_IROM1$$RW$$Length              0x00000000   Number         0  anon$$obj.o ABSOLUTE
    Image$$ER_IROM1$$ZI$$Length              0x00000000   Number         0  anon$$obj.o ABSOLUTE
    Image$$RW_IRAM1$$RO$$Length              0x00000000   Number         0  anon$$obj.o ABSOLUTE
    Image$$RW_IRAM1$$Length                  0x00000034   Number         0  anon$$obj.o ABSOLUTE
    Image$$RW_IRAM1$$RW$$Length              0x00000034   Number         0  anon$$obj.o ABSOLUTE
    __Vectors_Size                           0x00000188   Number         0  startup_stm32l476xx.o ABSOLUTE
    Image$$RW_IRAM1$$ZI$$Length              0x00000604   Number         0  anon$$obj.o ABSOLUTE
    Image$$ER_IROM1$$RO$$Length              0x00001a90   Number         0  anon$$obj.o ABSOLUTE
    Image$$ER_IROM1$$RO$$Base                0x08000000   Number         0  anon$$obj.o ABSOLUTE
    Load$$ER_IROM1$$Base                     0x08000000   Number         0  anon$$obj.o ABSOLUTE
    __Vectors                                0x08000000   Data           4  startup_stm32l476xx.o(RESET)
    Reset_Handler                            0x08000189   Thumb Code    60  startup_stm32l476xx.o(.text)
    __Vectors_End                            0x08000188   Data           0  startup_stm32l476xx.o(RESET)
    NMI_Handler                              0x080001c5   Thumb Code     2  startup_stm32l476xx.o(.text)
    HardFault_Handler                        0x080001c7   Thumb Code     2  startup_stm32l476xx.o(.text)
    MemManage_Handler                        0x080001c9   Thumb Code     2  startup_stm32l476xx.o(.text)
    BusFault_Handler                         0x080001cb   Thumb Code     2  startup_stm32l476xx.o(.text)
    UsageFault_Handler                       0x080001cd   Thumb Code     2  startup_stm32l476xx.o(.text)
    SVC_Handler                              0x080001cf   Thumb Code     2  startup_stm32l476xx.o(.text)
    DebugMon_Handler                         0x080001d1   Thumb Code     2  startup_stm32l476xx.o(.text)
    PendSV_Handler                           0x080001d3   Thumb Code     2  startup_stm32l476xx.o(.text)
    SysTick_Handler                          0x080001d5   Thumb Code     2  startup_stm32l476xx.o(.text)
    ADC1_2_IRQHandler                        0x080001d7   Thumb Code     0  startup_stm32l476xx.o(.text)
    ADC3_IRQHandler                          0x080001d7   Thumb Code     0  startup_stm32l476xx.o(.text)
    CAN1_RX0_IRQHandler                      0x080001d7   Thumb Code     0  startup_stm32l476xx.o(.text)
    CAN1_RX1_IRQHandler                      0x080001d7   Thumb Code     0  startup_stm32l476xx.o(.text)
    CAN1_SCE_IRQHandler                      0x080001d7   Thumb Code     0  startup_stm32l476xx.o(.text)
    CAN1_TX_IRQHandler                       0x080001d7   Thumb Code     0  startup_stm32l476xx.o(.text)
    COMP_IRQHandler                          0x080001d7   Thumb Code     0  startup_stm32l476xx.o(.text)
    DFSDM0_IRQHandler                        0x080001d7   Thumb Code     0  startup_stm32l476xx.o(.text)
    DFSDM1_IRQHandler                        0x080001d7   Thumb Code     0  startup_stm32l476xx.o(.text)
    DFSDM2_IRQHandler                        0x080001d7   Thumb Code     0  startup_stm32l476xx.o(.text)
    DFSDM3_IRQHandler                        0x080001d7   Thumb Code     0  startup_stm32l476xx.o(.text)
    DMA1_Channel1_IRQHandler                 0x080001d7   Thumb Code     0  startup_stm32l476xx.o(.text)
    DMA1_Channel2_IRQHandler                 0x080001d7   Thumb Code     0  startup_stm32l476xx.o(.text)
    DMA1_Channel3_IRQHandler                 0x080001d7   Thumb Code     0  startup_stm32l476xx.o(.text)
    DMA1_Channel4_IRQHandler                 0x080001d7   Thumb Code     0  startup_stm32l476xx.o(.text)
    DMA1_Channel5_IRQHandler                 0x080001d7   Thumb Code     0  startup_stm32l476xx.o(.text)
    DMA1_Channel6_IRQHandler                 0x080001d7   Thumb Code     0  startup_stm32l476xx.o(.text)
    DMA1_Channel7_IRQHandler                 0x080001d7   Thumb Code     0  startup_stm32l476xx.o(.text)
    DMA2_Channel1_IRQHandler                 0x080001d7   Thumb Code     0  startup_stm32l476xx.o(.text)
    DMA2_Channel2_IRQHandler                 0x080001d7   Thumb Code     0  startup_stm32l476xx.o(.text)
    DMA2_Channel3_IRQHandler                 0x080001d7   Thumb Code     0  startup_stm32l476xx.o(.text)
    DMA2_Channel4_IRQHandler                 0x080001d7   Thumb Code     0  startup_stm32l476xx.o(.text)
    DMA2_Channel5_IRQHandler                 0x080001d7   Thumb Code     0  startup_stm32l476xx.o(.text)
    DMA2_Channel6_IRQHandler                 0x080001d7   Thumb Code     0  startup_stm32l476xx.o(.text)
    DMA2_Channel7_IRQHandler                 0x080001d7   Thumb Code     0  startup_stm32l476xx.o(.text)
    EXTI0_IRQHandler                         0x080001d7   Thumb Code     0  startup_stm32l476xx.o(.text)
    EXTI15_10_IRQHandler                     0x080001d7   Thumb Code     0  startup_stm32l476xx.o(.text)
    EXTI1_IRQHandler                         0x080001d7   Thumb Code     0  startup_stm32l476xx.o(.text)
    EXTI2_IRQHandler                         0x080001d7   Thumb Code     0  startup_stm32l476xx.o(.text)
    EXTI3_IRQHandler                         0x080001d7   Thumb Code     0  startup_stm32l476xx.o(.text)
    EXTI4_IRQHandler                         0x080001d7   Thumb Code     0  startup_stm32l476xx.o(.text)
    EXTI9_5_IRQHandler                       0x080001d7   Thumb Code     0  startup_stm32l476xx.o(.text)
    FLASH_IRQHandler                         0x080001d7   Thumb Code     0  startup_stm32l476xx.o(.text)
    FMC_IRQHandler                           0x080001d7   Thumb Code     0  startup_stm32l476xx.o(.text)
    FPU_IRQHandler                           0x080001d7   Thumb Code     0  startup_stm32l476xx.o(.text)
    I2C1_ER_IRQHandler                       0x080001d7   Thumb Code     0  startup_stm32l476xx.o(.text)
    I2C1_EV_IRQHandler                       0x080001d7   Thumb Code     0  startup_stm32l476xx.o(.text)
    I2C2_ER_IRQHandler                       0x080001d7   Thumb Code     0  startup_stm32l476xx.o(.text)
    I2C2_EV_IRQHandler                       0x080001d7   Thumb Code     0  startup_stm32l476xx.o(.text)
    I2C3_ER_IRQHandler                       0x080001d7   Thumb Code     0  startup_stm32l476xx.o(.text)
    I2C3_EV_IRQHandler                       0x080001d7   Thumb Code     0  startup_stm32l476xx.o(.text)
    LCD_IRQHandler                           0x080001d7   Thumb Code     0  startup_stm32l476xx.o(.text)
    LPTIM1_IRQHandler                        0x080001d7   Thumb Code     0  startup_stm32l476xx.o(.text)
    LPTIM2_IRQHandler                        0x080001d7   Thumb Code     0  startup_stm32l476xx.o(.text)
    LPUART1_IRQHandler                       0x080001d7   Thumb Code     0  startup_stm32l476xx.o(.text)
    OTG_FS_IRQHandler                        0x080001d7   Thumb Code     0  startup_stm32l476xx.o(.text)
    PVD_PVM_IRQHandler                       0x080001d7   Thumb Code     0  startup_stm32l476xx.o(.text)
    QUADSPI_IRQHandler                       0x080001d7   Thumb Code     0  startup_stm32l476xx.o(.text)
    RCC_IRQHandler                           0x080001d7   Thumb Code     0  startup_stm32l476xx.o(.text)
    RNG_IRQHandler                           0x080001d7   Thumb Code     0  startup_stm32l476xx.o(.text)
    RTC_Alarm_IRQHandler                     0x080001d7   Thumb Code     0  startup_stm32l476xx.o(.text)
    RTC_WKUP_IRQHandler                      0x080001d7   Thumb Code     0  startup_stm32l476xx.o(.text)
    SAI1_IRQHandler                          0x080001d7   Thumb Code     0  startup_stm32l476xx.o(.text)
    SAI2_IRQHandler                          0x080001d7   Thumb Code     0  startup_stm32l476xx.o(.text)
    SDMMC1_IRQHandler                        0x080001d7   Thumb Code     0  startup_stm32l476xx.o(.text)
    SPI1_IRQHandler                          0x080001d7   Thumb Code     0  startup_stm32l476xx.o(.text)
    SPI2_IRQHandler                          0x080001d7   Thumb Code     0  startup_stm32l476xx.o(.text)
    SPI3_IRQHandler                          0x080001d7   Thumb Code     0  startup_stm32l476xx.o(.text)
    SWPMI1_IRQHandler                        0x080001d7   Thumb Code     0  startup_stm32l476xx.o(.text)
    TAMP_STAMP_IRQHandler                    0x080001d7   Thumb Code     0  startup_stm32l476xx.o(.text)
    TIM1_BRK_TIM15_IRQHandler                0x080001d7   Thumb Code     0  startup_stm32l476xx.o(.text)
    TIM1_CC_IRQHandler                       0x080001d7   Thumb Code     0  startup_stm32l476xx.o(.text)
    TIM1_TRG_COM_TIM17_IRQHandler            0x080001d7   Thumb Code     0  startup_stm32l476xx.o(.text)
    TIM1_UP_TIM16_IRQHandler                 0x080001d7   Thumb Code     0  startup_stm32l476xx.o(.text)
    TIM2_IRQHandler                          0x080001d7   Thumb Code     0  startup_stm32l476xx.o(.text)
    TIM3_IRQHandler                          0x080001d7   Thumb Code     0  startup_stm32l476xx.o(.text)
    TIM4_IRQHandler                          0x080001d7   Thumb Code     0  startup_stm32l476xx.o(.text)
    TIM5_IRQHandler                          0x080001d7   Thumb Code     0  startup_stm32l476xx.o(.text)
    TIM6_DAC_IRQHandler                      0x080001d7   Thumb Code     0  startup_stm32l476xx.o(.text)
    TIM7_IRQHandler                          0x080001d7   Thumb Code     0  startup_stm32l476xx.o(.text)
    TIM8_BRK_IRQHandler                      0x080001d7   Thumb Code     0  startup_stm32l476xx.o(.text)
    TIM8_CC_IRQHandler                       0x080001d7   Thumb Code     0  startup_stm32l476xx.o(.text)
    TIM8_TRG_COM_IRQHandler                  0x080001d7   Thumb Code     0  startup_stm32l476xx.o(.text)
    TIM8_UP_IRQHandler                       0x080001d7   Thumb Code     0  startup_stm32l476xx.o(.text)
    TSC_IRQHandler                           0x080001d7   Thumb Code     0  startup_stm32l476xx.o(.text)
    UART4_IRQHandler                         0x080001d7   Thumb Code     0  startup_stm32l476xx.o(.text)
    UART5_IRQHandler                         0x080001d7   Thumb Code     0  startup_stm32l476xx.o(.text)
    USART1_IRQHandler                        0x080001d7   Thumb Code     0  startup_stm32l476xx.o(.text)
    USART2_IRQHandler                        0x080001d7   Thumb Code     0  startup_stm32l476xx.o(.text)
    USART3_IRQHandler                        0x080001d7   Thumb Code     0  startup_stm32l476xx.o(.text)
    WWDG_IRQHandler                          0x080001d7   Thumb Code     0  startup_stm32l476xx.o(.text)
    __user_initial_stackheap                 0x080001d9   Thumb Code     0  startup_stm32l476xx.o(.text)
    __use_two_region_memory                  0x0800020d   Thumb Code     2  heapauxi.o(.text)
    __rt_heap_escrow$2region                 0x0800020f   Thumb Code     2  heapauxi.o(.text)
    __rt_heap_expand$2region                 0x08000211   Thumb Code     2  heapauxi.o(.text)
    Delay                                    0x08000213   Thumb Code    22  keypad.o(i.Delay)
    KeyPrnt                                  0x08000229   Thumb Code   554  keypad.o(i.KeyPrnt)
    LCD_Clear                                0x08000489   Thumb Code    52  keypad.o(i.LCD_Clear)
    LCD_Clock_Init                           0x080004c1   Thumb Code   190  keypad.o(i.LCD_Clock_Init)
    LCD_Configure                            0x08000589   Thumb Code   138  keypad.o(i.LCD_Configure)
    LCD_Initialization                       0x0800073d   Thumb Code    20  keypad.o(i.LCD_Initialization)
    LCD_PIN_Init                             0x08000751   Thumb Code   334  keypad.o(i.LCD_PIN_Init)
    LCD_WriteChar                            0x080008dd   Thumb Code  1946  keypad.o(i.LCD_WriteChar)
    MotorKey                                 0x08001081   Thumb Code   106  keypad.o(i.MotorKey)
    power                                    0x08001101   Thumb Code    20  keypad.o(i.power)
    __main                                   0x08001115   Thumb Code   214  main.o(main)
    __aeabi_dadd                             0x080011f5   Thumb Code     0  daddsub_clz.o(x$fpl$dadd)
    _dadd                                    0x080011f5   Thumb Code   332  daddsub_clz.o(x$fpl$dadd)
    __aeabi_ddiv                             0x08001345   Thumb Code     0  ddiv.o(x$fpl$ddiv)
    _ddiv                                    0x08001345   Thumb Code   552  ddiv.o(x$fpl$ddiv)
    __aeabi_d2iz                             0x080015f5   Thumb Code     0  dfix.o(x$fpl$dfix)
    _dfix                                    0x080015f5   Thumb Code    94  dfix.o(x$fpl$dfix)
    __aeabi_ui2d                             0x08001653   Thumb Code     0  dflt_clz.o(x$fpl$dfltu)
    _dfltu                                   0x08001653   Thumb Code    38  dflt_clz.o(x$fpl$dfltu)
    __aeabi_dmul                             0x08001679   Thumb Code     0  dmul.o(x$fpl$dmul)
    _dmul                                    0x08001679   Thumb Code   332  dmul.o(x$fpl$dmul)
    __fpl_dnaninf                            0x080017cd   Thumb Code   156  dnaninf.o(x$fpl$dnaninf)
    __fpl_dretinf                            0x08001869   Thumb Code    12  dretinf.o(x$fpl$dretinf)
    __aeabi_dsub                             0x08001875   Thumb Code     0  daddsub_clz.o(x$fpl$dsub)
    _dsub                                    0x08001875   Thumb Code   464  daddsub_clz.o(x$fpl$dsub)
    CapLetterMap                             0x08001a48   Data          52  keypad.o(.constdata)
    __I$use$fp                               0x08001a48   Number         0  usenofp.o(x$fpl$usenofp)
    NumberMap                                0x08001a7c   Data          20  keypad.o(.constdata)
    Image$$ER_IROM1$$RO$$Limit               0x08001a90   Number         0  anon$$obj.o ABSOLUTE
    Image$$ER_IROM1$$RW$$Base                0x08001a90   Number         0  anon$$obj.o ABSOLUTE
    Image$$ER_IROM1$$RW$$Limit               0x08001a90   Number         0  anon$$obj.o ABSOLUTE
    Image$$ER_IROM1$$ZI$$Base                0x08001a90   Number         0  anon$$obj.o ABSOLUTE
    Image$$ER_IROM1$$ZI$$Limit               0x08001a90   Number         0  anon$$obj.o ABSOLUTE
    Load$$RW_IRAM1$$Base                     0x08001a90   Number         0  anon$$obj.o ABSOLUTE
    Image$$RW_IRAM1$$Base                    0x20000000   Number         0  anon$$obj.o ABSOLUTE
    Image$$RW_IRAM1$$RO$$Base                0x20000000   Number         0  anon$$obj.o ABSOLUTE
    Image$$RW_IRAM1$$RW$$Base                0x20000000   Number         0  anon$$obj.o ABSOLUTE
    t_bar                                    0x20000000   Data           2  keypad.o(.data)
    row                                      0x20000002   Data           1  keypad.o(.data)
    col                                      0x20000003   Data           1  keypad.o(.data)
    skip                                     0x20000004   Data           1  keypad.o(.data)
    array                                    0x20000005   Data          17  keypad.o(.data)
    array2                                   0x20000018   Data           4  keypad.o(.data)
    poscnt                                   0x2000001c   Data           1  keypad.o(.data)
    debounce                                 0x2000001e   Data           2  keypad.o(.data)
    tot                                      0x20000020   Data           4  keypad.o(.data)
    s                                        0x20000024   Data           7  keypad.o(.data)
    p                                        0x2000002c   Data           4  keypad.o(.data)
    i                                        0x20000030   Data           4  keypad.o(.data)
    Image$$RW_IRAM1$$Limit                   0x20000034   Number         0  anon$$obj.o ABSOLUTE
    Image$$RW_IRAM1$$RW$$Limit               0x20000034   Number         0  anon$$obj.o ABSOLUTE
    Image$$RW_IRAM1$$ZI$$Base                0x20000034   Number         0  anon$$obj.o ABSOLUTE
    Image$$RW_IRAM1$$ZI$$Limit               0x20000638   Number         0  anon$$obj.o ABSOLUTE



==============================================================================

Memory Map of the image

  Image Entry point : 0x08001115

  Load Region LR_IROM1 (Base: 0x08000000, Size: 0x00001ac4, Max: 0x00100000, ABSOLUTE)

    Execution Region ER_IROM1 (Exec base: 0x08000000, Load base: 0x08000000, Size: 0x00001a90, Max: 0x00100000, ABSOLUTE)

    Exec Addr    Load Addr    Size         Type   Attr      Idx    E Section Name        Object

    0x08000000   0x08000000   0x00000188   Data   RO           12    RESET               startup_stm32l476xx.o
    0x08000188   0x08000188   0x00000084   Code   RO           13    .text               startup_stm32l476xx.o
    0x0800020c   0x0800020c   0x00000006   Code   RO          150    .text               c_w.l(heapauxi.o)
    0x08000212   0x08000212   0x00000016   Code   RO           22    i.Delay             keypad.o
    0x08000228   0x08000228   0x00000260   Code   RO           23    i.KeyPrnt           keypad.o
    0x08000488   0x08000488   0x00000038   Code   RO           24    i.LCD_Clear         keypad.o
    0x080004c0   0x080004c0   0x000000c8   Code   RO           25    i.LCD_Clock_Init    keypad.o
    0x08000588   0x08000588   0x00000090   Code   RO           26    i.LCD_Configure     keypad.o
    0x08000618   0x08000618   0x00000124   Code   RO           27    i.LCD_Conv_Char_Seg  keypad.o
    0x0800073c   0x0800073c   0x00000014   Code   RO           29    i.LCD_Initialization  keypad.o
    0x08000750   0x08000750   0x0000018c   Code   RO           30    i.LCD_PIN_Init      keypad.o
    0x080008dc   0x080008dc   0x000007a4   Code   RO           31    i.LCD_WriteChar     keypad.o
    0x08001080   0x08001080   0x00000080   Code   RO           33    i.MotorKey          keypad.o
    0x08001100   0x08001100   0x00000014   Code   RO           34    i.power             keypad.o
    0x08001114   0x08001114   0x000000e0   Code   RO            3  * main                main.o
    0x080011f4   0x080011f4   0x00000150   Code   RO          152    x$fpl$dadd          fz_wm.l(daddsub_clz.o)
    0x08001344   0x08001344   0x000002b0   Code   RO          159    x$fpl$ddiv          fz_wm.l(ddiv.o)
    0x080015f4   0x080015f4   0x0000005e   Code   RO          162    x$fpl$dfix          fz_wm.l(dfix.o)
    0x08001652   0x08001652   0x00000026   Code   RO          166    x$fpl$dfltu         fz_wm.l(dflt_clz.o)
    0x08001678   0x08001678   0x00000154   Code   RO          172    x$fpl$dmul          fz_wm.l(dmul.o)
    0x080017cc   0x080017cc   0x0000009c   Code   RO          174    x$fpl$dnaninf       fz_wm.l(dnaninf.o)
    0x08001868   0x08001868   0x0000000c   Code   RO          176    x$fpl$dretinf       fz_wm.l(dretinf.o)
    0x08001874   0x08001874   0x000001d4   Code   RO          154    x$fpl$dsub          fz_wm.l(daddsub_clz.o)
    0x08001a48   0x08001a48   0x00000000   Code   RO          178    x$fpl$usenofp       fz_wm.l(usenofp.o)
    0x08001a48   0x08001a48   0x00000048   Data   RO           35    .constdata          keypad.o


    Execution Region RW_IRAM1 (Exec base: 0x20000000, Load base: 0x08001a90, Size: 0x00000638, Max: 0x00018000, ABSOLUTE)

    Exec Addr    Load Addr    Size         Type   Attr      Idx    E Section Name        Object

    0x20000000   0x08001a90   0x00000034   Data   RW           36    .data               keypad.o
    0x20000034   0x08001ac4   0x00000004   PAD
    0x20000038        -       0x00000200   Zero   RW           11    HEAP                startup_stm32l476xx.o
    0x20000238        -       0x00000400   Zero   RW           10    STACK               startup_stm32l476xx.o


==============================================================================

Image component sizes


      Code (inc. data)   RO Data    RW Data    ZI Data      Debug   Object Name

      3842        220         72         52          0      12913   keypad.o
       224         10          0          0          0        424   main.o
       132         42        392          0       1536        812   startup_stm32l476xx.o

    ----------------------------------------------------------------------
      4198        272        464         52       1540      14149   Object Totals
         0          0          0          0          0          0   (incl. Generated)
         0          0          0          0          4          0   (incl. Padding)

    ----------------------------------------------------------------------

      Code (inc. data)   RO Data    RW Data    ZI Data      Debug   Library Member Name

         6          0          0          0          0        152   heapauxi.o
       804         16          0          0          0        368   daddsub_clz.o
       688        140          0          0          0        256   ddiv.o
        94          4          0          0          0        140   dfix.o
        38          0          0          0          0        116   dflt_clz.o
       340         12          0          0          0        152   dmul.o
       156          4          0          0          0        140   dnaninf.o
        12          0          0          0          0        116   dretinf.o
         0          0          0          0          0          0   usenofp.o

    ----------------------------------------------------------------------
      2138        176          0          0          0       1440   Library Totals
         0          0          0          0          0          0   (incl. Padding)

    ----------------------------------------------------------------------

      Code (inc. data)   RO Data    RW Data    ZI Data      Debug   Library Name

         6          0          0          0          0        152   c_w.l
      2132        176          0          0          0       1288   fz_wm.l

    ----------------------------------------------------------------------
      2138        176          0          0          0       1440   Library Totals

    ----------------------------------------------------------------------

==============================================================================


      Code (inc. data)   RO Data    RW Data    ZI Data      Debug   

      6336        448        464         52       1540      13989   Grand Totals
      6336        448        464         52       1540      13989   ELF Image Totals
      6336        448        464         52          0          0   ROM Totals

==============================================================================

    Total RO  Size (Code + RO Data)                 6800 (   6.64kB)
    Total RW  Size (RW Data + ZI Data)              1592 (   1.55kB)
    Total ROM Size (Code + RO Data + RW Data)       6852 (   6.69kB)

==============================================================================

